﻿[dotenv@17.3.1] injecting env (4) from .env -- tip: ΓÜÖ∩╕Å  enable debug logging with { debug: true }
≡ƒî┐ Starting GreenOps Auto-Tuner Local Test...
Analyzing simulated infrastructure change (e2-micro -> n2-standard-4)...

node.exe : Error 
fetching GCP live 
pricing: Request 
failed with status 
code 403
At line:1 char:1
+ & "C:\Program Files\
nodejs/node.exe" 
"C:\Program 
Files\nodejs/node_mo 
...
+ ~~~~~~~~~~~~~~~~~~~~
~~~~~~~~~~~~~~~~~~~~~~
~~~~~~~~~~~~~~~~~~~~~~
~~~~~
    + CategoryInfo    
          : NotSpeci  
  fied: (Error fetc   
 hing ...status co    
de 403:String) []    
, RemoteException
    + FullyQualifiedE 
   rrorId : NativeCo  
  mmandError
 
Error fetching GCP 
live pricing: Request 
failed with status 
code 403
Γ£à Analysis Complete! Proposals:
[
  {
    "file_path": "main.tf",
    "new_content": "resource \"google_compute_instance\" \"default\" {\n  name         = \"my-instance\"\n  machine_type = \"e2-standard-4\"\n  zone         = \"us-central1-a\"\n}",
    "explanation": "Upgrading from e2-micro to n2-standard-4 is a significant jump in cost and carbon. If 4 vCPUs and 16GB of RAM are required, using the E2 family (e2-standard-4) instead of the N2 family provides the same resource capacity at a lower price point (~30% cheaper) and a lower carbon footprint due to the E2 family's improved resource scheduling and hardware utilization on Google's fleet. (Pricing could not be verified: Request failed with status code 403)",
    "evidence": "machine_type = \"n2-standard-4\"",
    "confidence": 0.95,
    "estimated_carbon_delta": {
      "unit": "kgCO2e",
      "monthly": -5.4
    },
    "needs_review": true
  }
]
